afj-db95 executor PASS
afj-db95 WHERE executor PASS
afj-db95 WHERE update PASS
afj-db95 JOIN/GROUP engine PASS
afj-db95 DDL engine PASS
PASS SQL SELECT * FROM users
PASS SQL select * from users
PASS SQL SELECT * FROM users WHERE name Kim
PASS SQL SELECT * FROM users WHERE id=1
PASS SQL SELECT * FROM users WHERE email IS NULL
PASS SQL SELECT * FROM users WHERE email IS NOT NULL
PASS SQL SELECT * FROM users LIMIT 1
PASS SQL SELECT * FROM users ORDER BY id
PASS SQL SELECT * FROM users GROUP BY team
PASS SQL SELECT * FROM users JOIN teams ON users.team_id = teams.team_id
PASS SQL CREATE TABLE users
PASS SQL INSERT INTO users
PASS SQL INSERT INTO users (id,name) VALUES (1,'Kim')
PASS SQL INSERT INTO users (id,name) VALUES (1,'Kim'),(2,'Lee')
PASS SQL UPDATE users
PASS SQL UPDATE users SET name='Lee' WHERE id=1
PASS SQL DELETE FROM users
PASS SQL DELETE FROM users WHERE id=1
PASS SQL DROP TABLE users
PASS SQL ALTER TABLE users ADD COLUMN email
afj-db95 MariaDB aggregate/left-join parser PASS
afj-db95 SQL parser seed PASS
afj-db95 parser-to-engine INSERT/UPDATE/DELETE PASS
afj-db95 multi-row INSERT engine PASS
afj-db95 MariaDB aggregate/left-join engine PASS
afj-db95 schema constraints engine PASS
afj-db95 foreign-key/check engine PASS
afj-db95 protocol PASS
afj-db95 auth PASS
⚠️  [FreeLang] 'afj-tcp-wal'은(는) 이미 정의됐습니다 (line 5). 가변 값은 atom을 사용하세요: (define afj-tcp-wal (atom "/root/kilo-freelang/projects/afj-db95/docs/corpus-09034a8f.wal")) → (swap! afj-tcp-wal (fn [v] 새값))
{"case":1,"sql":"DROP DATABASE IF EXISTS afj_expanded","status":"PASS","response":{"ok":true,"result":{"ok":true,"type":"drop-database","database":"afj_expanded"}}}
{"case":2,"sql":"CREATE DATABASE afj_expanded","status":"PASS","response":{"ok":true,"result":{"ok":true,"type":"create-database","database":"afj_expanded"}}}
{"case":3,"sql":"USE afj_expanded","status":"PASS","response":{"ok":true,"database":"afj_expanded"}}
{"case":4,"sql":"CREATE TABLE teams(id INT PRIMARY KEY, name VARCHAR(32) NOT NULL)","status":"PASS","response":{"ok":true,"result":{"ok":true,"type":"create-table","table":"afj_expanded.teams"}}}
{"case":5,"sql":"CREATE TABLE users(   id INT PRIMARY KEY,   name VARCHAR(32) NOT NULL,   team_id INT,   active BOOLEAN NOT NULL,   email VARCHAR(128) UNIQUE,   CONSTRAINT fk_team FOREIGN KEY(team_id) REFERENCES teams(id),   CHECK(active = TRUE OR active = FALSE) )","status":"PASS","response":{"ok":true,"result":{"ok":true,"type":"create-table","table":"afj_expanded.users"}}}
{"case":6,"sql":"INSERT INTO teams VALUES (1,'core'),(2,'ops')","status":"PASS","response":{"ok":true,"result":{"ok":true,"type":"insert","count":2}}}
{"case":7,"sql":"INSERT INTO users VALUES   (1,'Kim',1,TRUE,NULL),   (2,'Lee',2,TRUE,'lee@example.test'),   (3,'Park',1,FALSE,NULL)","status":"PASS","response":{"ok":true,"result":{"ok":true,"type":"insert","count":3}}}
{"case":8,"sql":"SELECT id,name FROM users WHERE active=TRUE ORDER BY id DESC","status":"PASS","response":{"ok":true,"result":{"ok":true,"type":"select","rows":[{"id":"2","name":"Lee"},{"id":"1","name":"Kim"}]}}}
{"case":9,"sql":"SELECT * FROM users WHERE email IS NULL","status":"PASS","response":{"ok":true,"result":{"ok":true,"type":"select","rows":[{"id":"1","name":"Kim","team_id":"1","active":true,"email":null},{"id":"3","name":"Park","team_id":"1","active":false,"email":null}]}}}
{"case":10,"sql":"SELECT * FROM users WHERE email IS NOT NULL","status":"PASS","response":{"ok":true,"result":{"ok":true,"type":"select","rows":[{"id":"2","name":"Lee","team_id":"2","active":true,"email":"lee@example.test"}]}}}
{"case":11,"sql":"SELECT t.name, COUNT(u.id) AS n   FROM teams t LEFT JOIN users u ON t.id=u.team_id   GROUP BY t.id,t.name ORDER BY t.id","status":"PASS","response":{"ok":true,"result":{"ok":true,"type":"select","rows":[{"name":"core","n":2},{"name":"ops","n":1}]}}}
{"case":12,"sql":"SELECT COUNT(*) AS remaining FROM users","status":"PASS","response":{"ok":true,"result":{"ok":true,"type":"select","rows":[{"remaining":3}]}}}
{"case":13,"sql":"ALTER TABLE users ADD COLUMN phone VARCHAR(32)","status":"PASS","response":{"ok":true,"result":{"ok":true,"type":"alter-table","table":"afj_expanded.users","column":"phone"}}}
{"case":14,"sql":"START TRANSACTION","status":"PASS","response":{"ok":true,"status":"active"}}
{"case":15,"sql":"UPDATE users SET active=FALSE WHERE id=2","status":"PASS","response":{"ok":true,"result":{"ok":true,"type":"update","rows":[{"id":"1","name":"Kim","team_id":"1","active":true,"email":null,"phone":null},{"id":"2","name":"Lee","team_id":"2","active":false,"email":"lee@example.test","phone":null},{"id":"3","name":"Park","team_id":"1","active":false,"email":null,"phone":null}]}}}
{"case":16,"sql":"ROLLBACK","status":"PASS","response":{"ok":true,"status":"rolled-back"}}
{"case":17,"sql":"SELECT id,active FROM users WHERE id=2","status":"PASS","response":{"ok":true,"result":{"ok":true,"type":"select","rows":[{"id":"2","active":true}]}}}
{"case":18,"sql":"UPDATE users SET active=FALSE WHERE id=1","status":"PASS","response":{"ok":true,"result":{"ok":true,"type":"update","rows":[{"id":"1","name":"Kim","team_id":"1","active":false,"email":null,"phone":null},{"id":"2","name":"Lee","team_id":"2","active":true,"email":"lee@example.test","phone":null},{"id":"3","name":"Park","team_id":"1","active":false,"email":null,"phone":null}]}}}
{"case":19,"sql":"DELETE FROM users WHERE id=3","status":"PASS","response":{"ok":true,"result":{"ok":true,"type":"delete","rows":[{"id":"1","name":"Kim","team_id":"1","active":false,"email":null,"phone":null},{"id":"2","name":"Lee","team_id":"2","active":true,"email":"lee@example.test","phone":null}]}}}
{"case":20,"sql":"SELECT COUNT(*) AS remaining FROM users","status":"PASS","response":{"ok":true,"result":{"ok":true,"type":"select","rows":[{"remaining":2}]}}}
{"case":21,"sql":"DROP TABLE users","status":"PASS","response":{"ok":true,"result":{"ok":true,"type":"drop-table","table":"afj_expanded.users"}}}
{"suite":"local-corpus","passed":21,"total":21,"wal":"/root/kilo-freelang/projects/afj-db95/docs/corpus-09034a8f.wal","live-mariadb":"UNVERIFIED","tcp-transport":"UNVERIFIED"}
LOCAL_CORPUS PASS 21/21
