afj-db95 executor PASS
afj-db95 WHERE executor PASS
afj-db95 WHERE update PASS
afj-db95 JOIN/GROUP engine PASS
afj-db95 DDL engine PASS
PASS SQL SELECT * FROM users
PASS SQL select * from users
PASS SQL SELECT * FROM users WHERE name Kim
PASS SQL SELECT * FROM users WHERE id=1
PASS SQL SELECT * FROM users WHERE email IS NULL
PASS SQL SELECT * FROM users WHERE email IS NOT NULL
PASS SQL SELECT * FROM users LIMIT 1
PASS SQL SELECT * FROM users ORDER BY id
PASS SQL SELECT * FROM users GROUP BY team
PASS SQL SELECT * FROM users JOIN teams ON users.team_id = teams.team_id
PASS SQL CREATE TABLE users
PASS SQL INSERT INTO users
PASS SQL INSERT INTO users (id,name) VALUES (1,'Kim')
PASS SQL INSERT INTO users (id,name) VALUES (1,'Kim'),(2,'Lee')
PASS SQL UPDATE users
PASS SQL UPDATE users SET name='Lee' WHERE id=1
PASS SQL DELETE FROM users
PASS SQL DELETE FROM users WHERE id=1
PASS SQL DROP TABLE users
PASS SQL ALTER TABLE users ADD COLUMN email
afj-db95 MariaDB aggregate/left-join parser PASS
afj-db95 SQL parser seed PASS
afj-db95 parser-to-engine INSERT/UPDATE/DELETE PASS
afj-db95 multi-row INSERT engine PASS
afj-db95 MariaDB aggregate/left-join engine PASS
afj-db95 schema constraints engine PASS
afj-db95 foreign-key/check engine PASS
afj-db95 protocol PASS
afj-db95 auth PASS
⚠️  [FreeLang] 'afj-tcp-wal'은(는) 이미 정의됐습니다 (line 3). 가변 값은 atom을 사용하세요: (define afj-tcp-wal (atom "/root/kilo-freelang/projects/afj-db95/docs/remediation-6a315439.wal")) → (swap! afj-tcp-wal (fn [v] 새값))

[31m실행 오류[0m  mariadb-remediation-regression.fls:16
      15 │ [2m    (do (swap! remediation-count + 1) (println (str "PASS " name)))[0m
  [31m→[0m   16 │ [31m    (throw (str "FAIL " name))))[0m
      17 │ [2m(defn remediation-error [sql][0m

  [31m✖[0m [remediation-ok] FAIL missing database DROP preserves legacy dotted table (at line 37, col 0)

[2m콜 스택:[0m
  [2m→ remediation-ok (line 16)[0m
