PASS SQL SELECT * FROM users
PASS SQL select * from users
PASS SQL SELECT * FROM users WHERE name Kim
PASS SQL SELECT * FROM users WHERE id=1
PASS SQL SELECT * FROM users WHERE email IS NULL
PASS SQL SELECT * FROM users WHERE email IS NOT NULL
PASS SQL SELECT * FROM users LIMIT 1
PASS SQL SELECT * FROM users ORDER BY id
PASS SQL SELECT * FROM users GROUP BY team
PASS SQL SELECT * FROM users JOIN teams ON users.team_id = teams.team_id
PASS SQL CREATE TABLE users
PASS SQL INSERT INTO users
PASS SQL INSERT INTO users (id,name) VALUES (1,'Kim')
PASS SQL INSERT INTO users (id,name) VALUES (1,'Kim'),(2,'Lee')
PASS SQL UPDATE users
PASS SQL UPDATE users SET name='Lee' WHERE id=1
PASS SQL DELETE FROM users
PASS SQL DELETE FROM users WHERE id=1
PASS SQL DROP TABLE users
PASS SQL ALTER TABLE users ADD COLUMN email
afj-db95 MariaDB aggregate/left-join parser PASS
afj-db95 SQL parser seed PASS
{"case":1,"sql":"DROP DATABASE IF EXISTS afj_expanded","result":{"parsed":true,"ast":{"type":"drop-database","database":"afj_expanded","if-exists":true}}}
{"case":2,"sql":"CREATE DATABASE afj_expanded","result":{"parsed":true,"ast":{"type":"create-database","database":"afj_expanded"}}}
{"case":3,"sql":"USE afj_expanded","result":{"parsed":true,"ast":{"type":"use-database","database":"afj_expanded"}}}
{"case":6,"sql":"INSERT INTO teams VALUES (1,'core'),(2,'ops')","result":{"parsed":true,"ast":{"type":"insert","table":"teams","values":[["1","core"],["2","ops"]]}}}
{"case":7,"sql":"INSERT INTO users VALUES   (1,'Kim',1,TRUE,NULL),   (2,'Lee',2,TRUE,'lee@example.test'),   (3,'Park',1,FALSE,NULL)","result":{"parsed":true,"ast":{"type":"insert","table":"users","values":[["1","Kim","1",true,null],["2","Lee","2",true,"lee@example.test"],["3","Park","1",false,null]]}}}
{"case":13,"sql":"ALTER TABLE users ADD COLUMN phone VARCHAR(32)","result":{"parsed":true,"ast":{"type":"alter-table","table":"users","operation":"add-column","column":"phone","definition":{"name":"phone","type":"TEXT","nullable":true}}}}
{"case":14,"sql":"START TRANSACTION","result":{"parsed":true,"ast":{"type":"transaction","op":"BEGIN"}}}
{"case":16,"sql":"ROLLBACK","result":{"parsed":true,"ast":{"type":"transaction","op":"ROLLBACK"}}}
{"case":17,"sql":"SELECT id,active FROM users WHERE id=2","result":{"parsed":true,"ast":{"type":"select","columns":["id","active"],"table":"users","where":{"column":"id","equals":"2"}}}}
