afj-db95 executor PASS
afj-db95 WHERE executor PASS
afj-db95 WHERE update PASS
afj-db95 JOIN/GROUP engine PASS
afj-db95 DDL engine PASS
PASS SQL SELECT * FROM users
PASS SQL select * from users
PASS SQL SELECT * FROM users WHERE name Kim
PASS SQL SELECT * FROM users WHERE id=1
PASS SQL SELECT * FROM users WHERE email IS NULL
PASS SQL SELECT * FROM users WHERE email IS NOT NULL
PASS SQL SELECT * FROM users LIMIT 1
PASS SQL SELECT * FROM users ORDER BY id
PASS SQL SELECT * FROM users GROUP BY team
PASS SQL SELECT * FROM users JOIN teams ON users.team_id = teams.team_id
PASS SQL CREATE TABLE users
PASS SQL INSERT INTO users
PASS SQL INSERT INTO users (id,name) VALUES (1,'Kim')
PASS SQL INSERT INTO users (id,name) VALUES (1,'Kim'),(2,'Lee')
PASS SQL UPDATE users
PASS SQL UPDATE users SET name='Lee' WHERE id=1
PASS SQL DELETE FROM users
PASS SQL DELETE FROM users WHERE id=1
PASS SQL DROP TABLE users
PASS SQL ALTER TABLE users ADD COLUMN email
afj-db95 MariaDB aggregate/left-join parser PASS
afj-db95 SQL parser seed PASS
afj-db95 parser-to-engine INSERT/UPDATE/DELETE PASS
afj-db95 multi-row INSERT engine PASS
afj-db95 MariaDB aggregate/left-join engine PASS
afj-db95 schema constraints engine PASS
afj-db95 foreign-key/check engine PASS
afj-db95 protocol PASS
afj-db95 auth PASS
⚠️  [FreeLang] 'afj-tcp-wal'은(는) 이미 정의됐습니다 (line 3). 가변 값은 atom을 사용하세요: (define afj-tcp-wal (atom "/root/kilo-freelang/projects/afj-db95/docs/remediation-b2fbfec5.wal")) → (swap! afj-tcp-wal (fn [v] 새값))
PASS missing database DROP preserves legacy dotted table
PASS database namespace collision preserves legacy table
PASS database session isolation
PASS legacy catalog preserved
PASS duplicate database leaves WAL unchanged
PASS missing database leaves selection unchanged
PASS failed USE keeps selected database
PASS too few values rejected atomically
PASS too many values rejected atomically
PASS duplicate in multi-row insert rejected atomically
PASS BOOLEAN type violation leaves WAL unchanged
PASS typed ADD preserves rows and adds nullable schema
PASS duplicate existing schema column rejected
PASS duplicate added column rejected
PASS unknown ADD type is not silently accepted
PASS positional insert uses schema after ALTER
PASS explicit SELECT projects only requested columns
PASS SQL rollback restores row and writes no WAL
PASS SQL commit preserves row and releases locks
PASS idle SQL COMMIT and ROLLBACK succeed
PASS legacy tx endpoint keeps idle error contract
PASS authentication still required
PASS read-only role selects but cannot insert
PASS DROP DATABASE only removes selected database tables
PASS WAL replays legacy, database, typed schema and committed SQL
REMEDIATION_REGRESSION PASS 25/25
EVIDENCE_WAL /root/kilo-freelang/projects/afj-db95/docs/remediation-b2fbfec5.wal
